{"event": "sequence_done", "index": 100, "total": 4276, "dataset": "ISRUC"}
{"event": "sequence_done", "index": 200, "total": 4276, "dataset": "ISRUC"}
{"event": "sequence_done", "index": 300, "total": 4276, "dataset": "ISRUC"}
{"event": "sequence_done", "index": 400, "total": 4276, "dataset": "ISRUC"}
{"event": "sequence_done", "index": 500, "total": 4276, "dataset": "ISRUC"}
{"event": "sequence_done", "index": 600, "total": 4276, "dataset": "ISRUC"}
{"event": "sequence_done", "index": 700, "total": 4276, "dataset": "ISRUC"}
{"event": "sequence_done", "index": 800, "total": 4276, "dataset": "ISRUC"}
{"event": "sequence_done", "index": 900, "total": 4276, "dataset": "ISRUC"}
{"event": "sequence_done", "index": 1000, "total": 4276, "dataset": "ISRUC"}
{"event": "sequence_done", "index": 1100, "total": 4276, "dataset": "ISRUC"}
{"event": "sequence_done", "index": 1200, "total": 4276, "dataset": "ISRUC"}
{"event": "sequence_done", "index": 1300, "total": 4276, "dataset": "ISRUC"}
{"event": "sequence_done", "index": 1400, "total": 4276, "dataset": "ISRUC"}
{"event": "sequence_done", "index": 1500, "total": 4276, "dataset": "ISRUC"}
{"event": "sequence_done", "index": 1600, "total": 4276, "dataset": "ISRUC"}
{"event": "sequence_done", "index": 1700, "total": 4276, "dataset": "ISRUC"}
{"event": "sequence_done", "index": 1800, "total": 4276, "dataset": "ISRUC"}
{"event": "sequence_done", "index": 1900, "total": 4276, "dataset": "ISRUC"}
{"event": "sequence_done", "index": 2000, "total": 4276, "dataset": "ISRUC"}
{"event": "sequence_done", "index": 2100, "total": 4276, "dataset": "ISRUC"}
{"event": "sequence_done", "index": 2200, "total": 4276, "dataset": "ISRUC"}
{"event": "sequence_done", "index": 2300, "total": 4276, "dataset": "ISRUC"}
{"event": "sequence_done", "index": 2400, "total": 4276, "dataset": "ISRUC"}
{"event": "sequence_done", "index": 2500, "total": 4276, "dataset": "ISRUC"}
{"event": "sequence_done", "index": 2600, "total": 4276, "dataset": "ISRUC"}
{"event": "sequence_done", "index": 2700, "total": 4276, "dataset": "ISRUC"}
{"event": "sequence_done", "index": 2800, "total": 4276, "dataset": "ISRUC"}
{"event": "sequence_done", "index": 2900, "total": 4276, "dataset": "ISRUC"}
{"event": "sequence_done", "index": 3000, "total": 4276, "dataset": "ISRUC"}
{"event": "sequence_done", "index": 3100, "total": 4276, "dataset": "ISRUC"}
{"event": "sequence_done", "index": 3200, "total": 4276, "dataset": "ISRUC"}
{"event": "sequence_done", "index": 3300, "total": 4276, "dataset": "ISRUC"}
{"event": "sequence_done", "index": 3400, "total": 4276, "dataset": "ISRUC"}
{"event": "sequence_done", "index": 3500, "total": 4276, "dataset": "ISRUC"}
{"event": "sequence_done", "index": 3600, "total": 4276, "dataset": "ISRUC"}
{"event": "sequence_done", "index": 3700, "total": 4276, "dataset": "ISRUC"}
{"event": "sequence_done", "index": 3800, "total": 4276, "dataset": "ISRUC"}
{"event": "sequence_done", "index": 3900, "total": 4276, "dataset": "ISRUC"}
{"event": "sequence_done", "index": 4000, "total": 4276, "dataset": "ISRUC"}
{"event": "sequence_done", "index": 4100, "total": 4276, "dataset": "ISRUC"}
{"event": "sequence_done", "index": 4200, "total": 4276, "dataset": "ISRUC"}
{"event": "sequence_done", "index": 4276, "total": 4276, "dataset": "ISRUC"}
/home/undefined/Disk/python-envs/brainuicl/lib/python3.12/site-packages/sklearn/linear_model/_logistic.py:599: ConvergenceWarning: lbfgs failed to converge after 350 iteration(s) (status=1):
STOP: TOTAL NO. OF ITERATIONS REACHED LIMIT

Increase the number of iterations to improve the convergence (max_iter=350).
You might also want to scale the data as shown in:
    https://scikit-learn.org/stable/modules/preprocessing.html
Please also refer to the documentation for alternative solver options:
    https://scikit-learn.org/stable/modules/linear_model.html#logistic-regression
  n_iter_i = _check_optimize_result(
/home/undefined/Disk/python-envs/brainuicl/lib/python3.12/site-packages/sklearn/linear_model/_logistic.py:599: ConvergenceWarning: lbfgs failed to converge after 350 iteration(s) (status=1):
STOP: TOTAL NO. OF ITERATIONS REACHED LIMIT

Increase the number of iterations to improve the convergence (max_iter=350).
You might also want to scale the data as shown in:
    https://scikit-learn.org/stable/modules/preprocessing.html
Please also refer to the documentation for alternative solver options:
    https://scikit-learn.org/stable/modules/linear_model.html#logistic-regression
  n_iter_i = _check_optimize_result(
/home/undefined/Disk/python-envs/brainuicl/lib/python3.12/site-packages/sklearn/linear_model/_logistic.py:599: ConvergenceWarning: lbfgs failed to converge after 350 iteration(s) (status=1):
STOP: TOTAL NO. OF ITERATIONS REACHED LIMIT

Increase the number of iterations to improve the convergence (max_iter=350).
You might also want to scale the data as shown in:
    https://scikit-learn.org/stable/modules/preprocessing.html
Please also refer to the documentation for alternative solver options:
    https://scikit-learn.org/stable/modules/linear_model.html#logistic-regression
  n_iter_i = _check_optimize_result(
/home/undefined/Disk/python-envs/brainuicl/lib/python3.12/site-packages/sklearn/linear_model/_logistic.py:599: ConvergenceWarning: lbfgs failed to converge after 350 iteration(s) (status=1):
STOP: TOTAL NO. OF ITERATIONS REACHED LIMIT

Increase the number of iterations to improve the convergence (max_iter=350).
You might also want to scale the data as shown in:
    https://scikit-learn.org/stable/modules/preprocessing.html
Please also refer to the documentation for alternative solver options:
    https://scikit-learn.org/stable/modules/linear_model.html#logistic-regression
  n_iter_i = _check_optimize_result(
{"status": "ok", "dataset": "ISRUC", "sequence_count": 4276, "known_subject_count": 78, "unknown_subject_count": 20, "output": "/home/undefined/Desktop/EdgeForge/docs/eeg-architecture-lop-analysis-20260911/subject-id-cl-tracking-20260915/ISRUC-individual_1"}
